#! /usr/bin/vvp
:vpi_time_precision + 0;
:vpi_module "system";
S_0x75f6b0 .scope module, "one_hot_cnt" "one_hot_cnt";
 .timescale 0;
V_$0x75f780 .net "clk", 0, 0, C<z>;
V_$0x760180 .net "enable", 0, 0, C<z>;
V_$0x75f810 .var "out", 7, 0;
V_$0x772f30 .net "reset", 0, 0, C<z>;
E_0x75fc00 .event posedge, C<z>;
    .scope S_0x75f6b0;
T_0 ;
    %wait E_0x75fc00;
    %load  8, V_$0x772f30[0];
    %jmp/0xz  T_0.0, 8;
    %assign V_$0x75f810[0], 0, 1;
    %ix/load 0, 7;
    %assign/v0 V_$0x75f810[1], 0, 0;
    %jmp T_0.1;
T_0.0 ;
    %load  8, V_$0x760180[0];
    %jmp/0xz  T_0.2, 8;
    %load/v 8, V_$0x75f810[7], 1;
    %load/v 9, V_$0x75f810[0], 1;
    %load/v 10, V_$0x75f810[1], 1;
    %load/v 11, V_$0x75f810[2], 1;
    %load/v 12, V_$0x75f810[3], 1;
    %load/v 13, V_$0x75f810[4], 1;
    %load/v 14, V_$0x75f810[5], 1;
    %load/v 15, V_$0x75f810[6], 1;
    %ix/load 0, 8;
    %assign/v0 V_$0x75f810[0], 0, 8;
T_0.2 ;
T_0.1 ;
    %jmp T_0;
    .thread T_0;
