#! /usr/bin/vvp
:vpi_time_precision + 0;
:vpi_module "system";
S_0x9a25798 .scope module, "tb" "tb";
 .timescale 0;
P_0x9a416cc .param/l "EXP_ADDR_WIDTH", +C4<010>;
P_0x9a416d8 .param/l "EXP_MEM_WIDTH", +C4<010000>;
P_0x9a416e4 .param/str "EXP_VECTOR_FILE", "../systemC/exp_vec_c0_";
P_0x9a416f0 .param/l "EXP_VECTOR_ID", +C4<010>;
P_0x9a416fc .param/l "EXP_VECTOR_MAX_ERR", +C4<01010>;
P_0x9a41708 .param/str "EXP_VECTOR_NAME", "exp";
P_0x9a41714 .param/l "EXP_VECTOR_RADIX", +C4<0>;
P_0x9a41720 .param/l "EXP_VECTOR_VERSION", +C4<0100>;
P_0x9a4172c .param/l "SIM_TIMEOUT_CNT", +C4<0>;
P_0x9a41738 .param/l "STIM_ADDR_WIDTH", +C4<010>;
P_0x9a41744 .param/l "STIM_MEM_WIDTH", +C4<01010>;
P_0x9a41750 .param/str "STIM_VECTOR_FILE", "../systemC/stim_vec_c0_";
P_0x9a4175c .param/l "STIM_VECTOR_ID", +C4<010>;
P_0x9a41768 .param/l "STIM_VECTOR_MAX_ERR", +C4<01>;
P_0x9a41774 .param/str "STIM_VECTOR_NAME", "stim";
P_0x9a41780 .param/l "STIM_VECTOR_RADIX", +C4<0>;
P_0x9a4178c .param/l "STIM_VECTOR_VERSION", +C4<0100>;
v0x9a5ff40_0 .net "c0_in_in1", 3 0, L_0x9a61570; 1 drivers
v0x9a5ff88_0 .net "c0_in_in2", 3 0, L_0x9a614f0; 1 drivers
v0x9a5ffd0_0 .net "c0_in_in3", 0 0, L_0x9a613d0; 1 drivers
v0x9a60018_0 .net "c0_out_out1", 3 0, L_0x9a36920; 1 drivers
v0x9a60060_0 .net "c0_out_out1_expected", 3 0, L_0x9a61b68; 1 drivers
v0x9a600a8_0 .net "c0_out_out1_match_en", 0 0, L_0x9a61b28; 1 drivers
v0x9a600f0_0 .net "c0_out_out1_mismatch_en", 0 0, L_0x9a609d8; 1 drivers
v0x9a60138_0 .net "c0_out_out2", 3 0, L_0x9a4b6a0; 1 drivers
v0x9a60180_0 .net "c0_out_out2_expected", 3 0, L_0x9a61ac8; 1 drivers
v0x9a601c8_0 .net "c0_out_out2_match_en", 0 0, L_0x9a61c18; 1 drivers
v0x9a60210_0 .net "c0_out_out2_mismatch_en", 0 0, L_0x9a60c68; 1 drivers
v0x9a60258_0 .net "c0_out_out3", 3 0, L_0x9a60ea0; 1 drivers
v0x9a602a0_0 .net "c0_out_out3_expected", 3 0, L_0x9a61a68; 1 drivers
v0x9a602e8_0 .net "c0_out_out3_match_en", 0 0, L_0x9a61df0; 1 drivers
v0x9a60330_0 .net "c0_out_out3_mismatch_en", 0 0, L_0x9a61ee0; 1 drivers
v0x9a60378_0 .net "c0_out_out4", 3 0, L_0x9a60f78; 1 drivers
v0x9a60408_0 .net "c0_out_out4_expected", 3 0, L_0x9a61600; 1 drivers
v0x9a60450_0 .net "c0_out_out4_match_en", 0 0, L_0x9a61e50; 1 drivers
v0x9a603c0_0 .net "c0_out_out4_mismatch_en", 0 0, L_0x9a61ea0; 1 drivers
v0x9a604e8_0 .var "clk", 0 0;
v0x9a60498_0 .var/i "cycle_cnt", 31 0;
v0x9a4a080_0 .var "exp_c0_match_count", 1 0;
v0x9a60530_0 .var "exp_c0_mismatch_count", 1 0;
v0x9a60658_0 .var "exp_c0_transaction_count", 1 0;
v0x9a605f8_0 .net "exp_mem_id_err", 0 0, L_0x9a618c8; 1 drivers
v0x9a60708_0 .net "exp_mem_version_err", 0 0, L_0x9a25648; 1 drivers
RS_0x9a4c078 .resolv tri, L_0x9a24ce8, L_0x9a619a8, C4<z>, C4<z>;
v0x9a606a0_0 .net8 "expect_out_valid", 0 0, RS_0x9a4c078; 2 drivers
v0x9a607c0_0 .var/i "file_mcd", 31 0;
v0x9a60750_0 .var "rand_valid", 0 0;
v0x9a60880_0 .net "rd_en", 0 0, v0x9a60750_0; 1 drivers
v0x9a60808_0 .net "stim_mem_id_err", 0 0, L_0x9a253d0; 1 drivers
v0x9a60948_0 .net "stim_mem_version_err", 0 0, L_0x9a1f288; 1 drivers
v0x9a608c8_0 .net "stop_sim", 0 0, L_0x9a36e80; 1 drivers
v0x9a60a18_0 .var "testbench_reset_", 0 0;
v0x9a60af0_0 .net "c0_in_in4", 0 0, L_0x9a611b8; 1 drivers
L_0x9a36e80 .cmp/ge.s 32, v0x9a60498_0, C4<00000000000000000000000000000000>;
L_0x9a611b8 .part L_0x9a612d0, 9, 1;
L_0x9a613d0 .part L_0x9a612d0, 8, 1;
L_0x9a614f0 .part L_0x9a612d0, 4, 4;
L_0x9a61570 .part L_0x9a612d0, 0, 4;
L_0x9a61600 .part L_0x9a614a0, 12, 4;
L_0x9a61a68 .part L_0x9a614a0, 8, 4;
L_0x9a61ac8 .part L_0x9a614a0, 4, 4;
L_0x9a61b68 .part L_0x9a614a0, 0, 4;
L_0x9a61b28 .cmp/eq 4, L_0x9a36920, L_0x9a61b68;
L_0x9a609d8 .cmp/ne 4, L_0x9a36920, L_0x9a61b68;
L_0x9a61c18 .cmp/eq 4, L_0x9a4b6a0, L_0x9a61ac8;
L_0x9a60c68 .cmp/ne 4, L_0x9a4b6a0, L_0x9a61ac8;
L_0x9a61df0 .cmp/eq 4, L_0x9a60ea0, L_0x9a61a68;
L_0x9a61ee0 .cmp/ne 4, L_0x9a60ea0, L_0x9a61a68;
L_0x9a61e50 .cmp/eq 4, L_0x9a60f78, L_0x9a61600;
L_0x9a61ea0 .cmp/ne 4, L_0x9a60f78, L_0x9a61600;
S_0x9a3ad28 .scope module, "c0" "c_unit", S_0x9a25798;
 .timescale 0;
L_0x9a1ea48 .functor AND 4, L_0x9a61570, L_0x9a614f0, C4<1111>, C4<1111>;
L_0x9a1ef28 .functor OR 1, L_0x9a613d0, L_0x9a611b8, C4<0>, C4<0>;
v0x9a4a038_0 .net "clk", 0 0, v0x9a604e8_0; 1 drivers
v0x9a1e1e0_0 .alias "in1", 3 0, v0x9a5ff40_0;
v0x9a4a0e8_0 .alias "in2", 3 0, v0x9a5ff88_0;
v0x9a4a130_0 .alias "in3", 0 0, v0x9a5ffd0_0;
v0x9a4b438_0 .alias "in4", 0 0, v0x9a60af0_0;
v0x9a4b480_0 .alias "out1", 3 0, v0x9a60018_0;
v0x9a4b4e8_0 .alias "out2", 3 0, v0x9a60138_0;
v0x9a4b530_0 .alias "out3", 3 0, v0x9a60258_0;
v0x9a4b578_0 .alias "out4", 3 0, v0x9a60378_0;
v0x9a4b5c0_0 .net "s_in1", 3 0, L_0x9a1ea48; 1 drivers
v0x9a4b658_0 .net "s_in2", 0 0, L_0x9a1ef28; 1 drivers
S_0x9a4a670 .scope module, "b0" "b_unit", S_0x9a3ad28;
 .timescale 0;
v0x9a23bd0_0 .alias "clk", 0 0, v0x9a4a038_0;
v0x9a225e0_0 .alias "in1", 3 0, v0x9a4b5c0_0;
v0x9a1e238_0 .alias "in2", 0 0, v0x9a4b658_0;
v0x9a1e280_0 .alias "out1", 3 0, v0x9a60018_0;
v0x9a1e2c8_0 .alias "out2", 3 0, v0x9a60138_0;
v0x9a252d8_0 .alias "out3", 3 0, v0x9a60258_0;
v0x9a25360_0 .alias "out4", 3 0, v0x9a60378_0;
S_0x9a22570 .scope module, "a0" "a_unit", S_0x9a4a670;
 .timescale 0;
v0x9a21c08_0 .alias "clk", 0 0, v0x9a4a038_0;
v0x9a22630_0 .alias "in1", 3 0, v0x9a4b5c0_0;
v0x9a23ae8_0 .alias "in2", 0 0, v0x9a4b658_0;
v0x9a23b30_0 .alias "out1", 3 0, v0x9a60018_0;
L_0x9a3fd38 .part L_0x9a1ea48, 0, 3;
L_0x9a36920 .concat [ 1 3 0 0], L_0x9a1ef28, L_0x9a3fd38;
S_0x9a3d670 .scope module, "a1" "a_unit", S_0x9a4a670;
 .timescale 0;
v0x9a3d6d0_0 .alias "clk", 0 0, v0x9a4a038_0;
v0x9a3d728_0 .alias "in1", 3 0, v0x9a4b5c0_0;
v0x9a21b20_0 .alias "in2", 0 0, v0x9a4b658_0;
v0x9a21b68_0 .alias "out1", 3 0, v0x9a60138_0;
L_0x9a4b608 .part L_0x9a1ea48, 0, 3;
L_0x9a4b6a0 .concat [ 1 3 0 0], L_0x9a1ef28, L_0x9a4b608;
S_0x9a45630 .scope module, "a2" "a_unit", S_0x9a4a670;
 .timescale 0;
v0x9a387a8_0 .alias "clk", 0 0, v0x9a4a038_0;
v0x9a38800_0 .alias "in1", 3 0, v0x9a4b5c0_0;
v0x9a38a20_0 .alias "in2", 0 0, v0x9a4b658_0;
v0x9a38a88_0 .alias "out1", 3 0, v0x9a60258_0;
L_0x9a60e60 .part L_0x9a1ea48, 0, 3;
L_0x9a60ea0 .concat [ 1 3 0 0], L_0x9a1ef28, L_0x9a60e60;
S_0x9a31288 .scope module, "a3" "a_unit", S_0x9a4a670;
 .timescale 0;
v0x9a3ad88_0 .alias "clk", 0 0, v0x9a4a038_0;
v0x9a4a6d0_0 .alias "in1", 3 0, v0x9a4b5c0_0;
v0x9a312f8_0 .alias "in2", 0 0, v0x9a4b658_0;
v0x9a45590_0 .alias "out1", 3 0, v0x9a60378_0;
L_0x9a60f38 .part L_0x9a1ea48, 0, 3;
L_0x9a60f78 .concat [ 1 3 0 0], L_0x9a1ef28, L_0x9a60f38;
S_0x9a35a80 .scope module, "stim_mem_inst" "stim_expect_mem_template", S_0x9a25798;
 .timescale 0;
P_0x9a35d44 .param/l "ADDR_WIDTH", +C4<010>;
P_0x9a35d50 .param/l "MEM_DEPTH", C4<0011>;
P_0x9a35d5c .param/l "MEM_WIDTH", +C4<01010>;
P_0x9a35d68 .param/str "VECTOR_FILE", "../systemC/stim_vec_c0_";
P_0x9a35d74 .param/l "VECTOR_ID", +C4<010>;
P_0x9a35d80 .param/str "VECTOR_NAME", "stim";
P_0x9a35d8c .param/l "VECTOR_RADIX", +C4<0>;
P_0x9a35d98 .param/l "VECTOR_VERSION", +C4<0100>;
L_0x9a26b10 .functor OR 1, v0x9a38380_0, v0x9a37fe0_0, C4<0>, C4<0>;
L_0x9a38848 .functor NOT 1, L_0x9a26b10, C4<0>, C4<0>, C4<0>;
L_0x9a3b050 .functor OR 1, L_0x9a38848, v0x9a60750_0, C4<0>, C4<0>;
L_0x9a1f590 .functor AND 1, L_0x9a61310, v0x9a38380_0, C4<1>, C4<1>;
L_0x9a281b0 .functor AND 1, L_0x9a61350, v0x9a37fe0_0, C4<1>, C4<1>;
L_0x9a1f288 .functor AND 1, v0x9a37fe0_0, L_0x9a61390, C4<1>, C4<1>;
L_0x9a253d0 .functor AND 1, v0x9a38380_0, L_0x9a61410, C4<1>, C4<1>;
L_0x9a4b6f8 .functor NOT 1, L_0x9a26b10, C4<0>, C4<0>, C4<0>;
L_0x9a24ce8 .functor AND 1, v0x9a60750_0, L_0x9a4b6f8, C4<1>, C4<1>;
v0x9a35ae0_0 .alias "clock", 0 0, v0x9a4a038_0;
v0x9a35820_0 .alias "id_err", 0 0, v0x9a60808_0;
v0x9a38328_0 .var/i "mem_addr", 31 0;
v0x9a38380_0 .var "mem_out_is_id", 0 0;
v0x9a37f88_0 .net "mem_out_is_id_or_version", 0 0, L_0x9a26b10; 1 drivers
v0x9a37fe0_0 .var "mem_out_is_version", 0 0;
v0x9a37950_0 .var "memory_out", 9 0;
v0x9a379a8_0 .net "mux_select", 0 0, L_0x9a3b050; 1 drivers
v0x9a37360_0 .var "rd_addr", 1 0;
v0x9a373b8_0 .alias "rd_en", 0 0, v0x9a60880_0;
v0x9a36e18_0 .net "reset_", 0 0, v0x9a60a18_0; 1 drivers
v0x9a368b8 .array "stim_expect_memory", 3 0, 9 0;
v0x9a36440_0 .var "stim_expect_memory_loaded", 0 0;
v0x9a36498_0 .alias "valid", 0 0, v0x9a606a0_0;
v0x9a3d1f0_0 .net "vector_id_match", 0 0, L_0x9a1f590; 1 drivers
v0x9a3d238_0 .net "vector_out", 9 0, L_0x9a612d0; 1 drivers
v0x9a3cea8_0 .net "vector_version_match", 0 0, L_0x9a281b0; 1 drivers
v0x9a3c800_0 .alias "version_err", 0 0, v0x9a60948_0;
E_0x9a268c8 .event edge, v0x9a36440_0;
LS_0x9a611f8_0_0 .concat [ 1 1 1 1], C4<0>, C4<0>, C4<0>, C4<0>;
LS_0x9a611f8_0_4 .concat [ 1 1 1 1], C4<0>, C4<0>, C4<0>, C4<0>;
LS_0x9a611f8_0_8 .concat [ 1 1 0 0], C4<0>, C4<0>;
L_0x9a611f8 .concat [ 4 4 2 0], LS_0x9a611f8_0_0, LS_0x9a611f8_0_4, LS_0x9a611f8_0_8;
L_0x9a612d0 .functor MUXZ 10, L_0x9a611f8, v0x9a37950_0, v0x9a379a8_0, C4<>;
L_0x9a61310 .cmp/eq 10, v0x9a37950_0, C4<0000000010>;
L_0x9a61350 .cmp/eq 10, v0x9a37950_0, C4<0000000100>;
L_0x9a61390 .cmp/ne 10, v0x9a37950_0, C4<0000000100>;
L_0x9a61410 .cmp/ne 10, v0x9a37950_0, C4<0000000010>;
S_0x9a361b8 .scope module, "exp_mem_inst" "stim_expect_mem_template", S_0x9a25798;
 .timescale 0;
P_0x9a35fd4 .param/l "ADDR_WIDTH", +C4<010>;
P_0x9a35fe0 .param/l "MEM_DEPTH", C4<0011>;
P_0x9a35fec .param/l "MEM_WIDTH", +C4<010000>;
P_0x9a35ff8 .param/str "VECTOR_FILE", "../systemC/exp_vec_c0_";
P_0x9a36004 .param/l "VECTOR_ID", +C4<010>;
P_0x9a36010 .param/str "VECTOR_NAME", "exp";
P_0x9a3601c .param/l "VECTOR_RADIX", +C4<0>;
P_0x9a36028 .param/l "VECTOR_VERSION", +C4<0100>;
L_0x9a23090 .functor OR 1, v0x9a410a0_0, v0x9a40d70_0, C4<0>, C4<0>;
L_0x9a220a0 .functor NOT 1, L_0x9a23090, C4<0>, C4<0>, C4<0>;
L_0x9a21ff8 .functor OR 1, L_0x9a220a0, v0x9a60750_0, C4<0>, C4<0>;
L_0x9a258f8 .functor AND 1, L_0x9a61738, v0x9a410a0_0, C4<1>, C4<1>;
L_0x9a25728 .functor AND 1, L_0x9a61778, v0x9a40d70_0, C4<1>, C4<1>;
L_0x9a25648 .functor AND 1, v0x9a40d70_0, L_0x9a617b8, C4<1>, C4<1>;
L_0x9a618c8 .functor AND 1, v0x9a410a0_0, L_0x9a61838, C4<1>, C4<1>;
L_0x9a61938 .functor NOT 1, L_0x9a23090, C4<0>, C4<0>, C4<0>;
L_0x9a619a8 .functor AND 1, v0x9a60750_0, L_0x9a61938, C4<1>, C4<1>;
v0x9a30cd0_0 .alias "clock", 0 0, v0x9a4a038_0;
v0x9a49f68_0 .alias "id_err", 0 0, v0x9a605f8_0;
v0x9a41058_0 .var/i "mem_addr", 31 0;
v0x9a410a0_0 .var "mem_out_is_id", 0 0;
v0x9a40d28_0 .net "mem_out_is_id_or_version", 0 0, L_0x9a23090; 1 drivers
v0x9a40d70_0 .var "mem_out_is_version", 0 0;
v0x9a409f8_0 .var "memory_out", 15 0;
v0x9a40a40_0 .net "mux_select", 0 0, L_0x9a21ff8; 1 drivers
v0x9a406c8_0 .var "rd_addr", 1 0;
v0x9a40710_0 .alias "rd_en", 0 0, v0x9a60880_0;
v0x9a40398_0 .alias "reset_", 0 0, v0x9a36e18_0;
v0x9a403e0 .array "stim_expect_memory", 3 0, 15 0;
v0x9a40068_0 .var "stim_expect_memory_loaded", 0 0;
v0x9a400b0_0 .alias "valid", 0 0, v0x9a606a0_0;
v0x9a3fd78_0 .net "vector_id_match", 0 0, L_0x9a258f8; 1 drivers
v0x9a3fab0_0 .net "vector_out", 15 0, L_0x9a614a0; 1 drivers
v0x9a3eac0_0 .net "vector_version_match", 0 0, L_0x9a25728; 1 drivers
v0x9a3eb08_0 .alias "version_err", 0 0, v0x9a60708_0;
E_0x9a2aaf8 .event edge, v0x9a40068_0;
E_0x9a28008/0 .event negedge, v0x9a40398_0;
E_0x9a28008/1 .event posedge, v0x9a30cd0_0;
E_0x9a28008 .event/or E_0x9a28008/0, E_0x9a28008/1;
LS_0x9a61530_0_0 .concat [ 1 1 1 1], C4<0>, C4<0>, C4<0>, C4<0>;
LS_0x9a61530_0_4 .concat [ 1 1 1 1], C4<0>, C4<0>, C4<0>, C4<0>;
LS_0x9a61530_0_8 .concat [ 1 1 1 1], C4<0>, C4<0>, C4<0>, C4<0>;
LS_0x9a61530_0_12 .concat [ 1 1 1 1], C4<0>, C4<0>, C4<0>, C4<0>;
L_0x9a61530 .concat [ 4 4 4 4], LS_0x9a61530_0_0, LS_0x9a61530_0_4, LS_0x9a61530_0_8, LS_0x9a61530_0_12;
L_0x9a614a0 .functor MUXZ 16, L_0x9a61530, v0x9a409f8_0, v0x9a40a40_0, C4<>;
L_0x9a61738 .cmp/eq 16, v0x9a409f8_0, C4<0000000000000010>;
L_0x9a61778 .cmp/eq 16, v0x9a409f8_0, C4<0000000000000100>;
L_0x9a617b8 .cmp/ne 16, v0x9a409f8_0, C4<0000000000000100>;
L_0x9a61838 .cmp/ne 16, v0x9a409f8_0, C4<0000000000000010>;
    .scope S_0x9a35a80;
T_0 ;
    %wait E_0x9a28008;
    %load/v 8, v0x9a36e18_0, 1;
    %inv 8, 1;
    %jmp/0xz  T_0.0, 8;
    %ix/load 0, 2;
    %assign/v0 v0x9a37360_0, 0, 0;
    %jmp T_0.1;
T_0.0 ;
    %load/v 8, v0x9a373b8_0, 1;
    %jmp/0xz  T_0.2, 8;
    %load/v 8, v0x9a37360_0, 2;
    %addi 8, 1, 2;
    %ix/load 0, 2;
    %assign/v0 v0x9a37360_0, 0, 8;
    %load/v 8, v0x9a37360_0, 2;
    %cmpi/u 8, 0, 2;
    %mov 8, 4, 1;
    %ix/load 0, 1;
    %assign/v0 v0x9a38380_0, 0, 8;
    %load/v 8, v0x9a37360_0, 2;
    %cmpi/u 8, 1, 2;
    %mov 8, 4, 1;
    %ix/load 0, 1;
    %assign/v0 v0x9a37fe0_0, 0, 8;
T_0.2 ;
T_0.1 ;
    %jmp T_0;
    .thread T_0;
    .scope S_0x9a35a80;
T_1 ;
    %wait E_0x9a28008;
    %load/v 8, v0x9a373b8_0, 1;
    %jmp/0xz  T_1.0, 8;
    %load/v 18, v0x9a37360_0, 2;
    %ix/get 3, 18, 2;
   %load/av 8, v0x9a368b8, 10;
    %ix/load 0, 10;
    %assign/v0 v0x9a37950_0, 0, 8;
T_1.0 ;
    %jmp T_1;
    .thread T_1;
    .scope S_0x9a35a80;
T_2 ;
    %ix/load 0, 1;
    %assign/v0 v0x9a36440_0, 0, 0;
    %vpi_call "$display", "VECTOR_FILE= %s", P_0x9a35d68;
    %vpi_call "$readmemb", P_0x9a35d68, v0x9a368b8;
    %ix/load 0, 1;
    %assign/v0 v0x9a36440_0, 0, 1;
    %end;
    .thread T_2;
    .scope S_0x9a35a80;
T_3 ;
    %wait E_0x9a268c8;
    %vpi_func "$test$plusargs", 8, 32, "show_stim_expect_memory_init_state";
    %cmpi/u 8, 0, 32;
    %inv 4, 1;
    %jmp/0xz  T_3.0, 4;
    %vpi_call "$display", "Initial state of vector file %s ", P_0x9a35d68;
    %set/v v0x9a38328_0, 0, 32;
T_3.2 ;
    %load/v 8, v0x9a38328_0, 32;
    %mov 40, 1, 2;
    %mov 42, 0, 2;
    %mov 44, 0, 28;
    %cmp/u 8, 40, 32;
    %jmp/0xz T_3.3, 5;
    %load/v 72, v0x9a38328_0, 32;
    %ix/get 3, 72, 32;
   %load/av 8, v0x9a368b8, 10;
    %vpi_call "$display", "mem[%d] = %x", v0x9a38328_0, T<8,10,u>;
    %load/v 8, v0x9a38328_0, 32;
    %addi 8, 1, 32;
    %set/v v0x9a38328_0, 8, 32;
    %jmp T_3.2;
T_3.3 ;
T_3.0 ;
    %end;
    .thread T_3;
    .scope S_0x9a361b8;
T_4 ;
    %wait E_0x9a28008;
    %load/v 8, v0x9a40398_0, 1;
    %inv 8, 1;
    %jmp/0xz  T_4.0, 8;
    %ix/load 0, 2;
    %assign/v0 v0x9a406c8_0, 0, 0;
    %jmp T_4.1;
T_4.0 ;
    %load/v 8, v0x9a40710_0, 1;
    %jmp/0xz  T_4.2, 8;
    %load/v 8, v0x9a406c8_0, 2;
    %addi 8, 1, 2;
    %ix/load 0, 2;
    %assign/v0 v0x9a406c8_0, 0, 8;
    %load/v 8, v0x9a406c8_0, 2;
    %cmpi/u 8, 0, 2;
    %mov 8, 4, 1;
    %ix/load 0, 1;
    %assign/v0 v0x9a410a0_0, 0, 8;
    %load/v 8, v0x9a406c8_0, 2;
    %cmpi/u 8, 1, 2;
    %mov 8, 4, 1;
    %ix/load 0, 1;
    %assign/v0 v0x9a40d70_0, 0, 8;
T_4.2 ;
T_4.1 ;
    %jmp T_4;
    .thread T_4;
    .scope S_0x9a361b8;
T_5 ;
    %wait E_0x9a28008;
    %load/v 8, v0x9a40710_0, 1;
    %jmp/0xz  T_5.0, 8;
    %load/v 24, v0x9a406c8_0, 2;
    %ix/get 3, 24, 2;
   %load/av 8, v0x9a403e0, 16;
    %ix/load 0, 16;
    %assign/v0 v0x9a409f8_0, 0, 8;
T_5.0 ;
    %jmp T_5;
    .thread T_5;
    .scope S_0x9a361b8;
T_6 ;
    %ix/load 0, 1;
    %assign/v0 v0x9a40068_0, 0, 0;
    %vpi_call "$display", "VECTOR_FILE= %s", P_0x9a35ff8;
    %vpi_call "$readmemb", P_0x9a35ff8, v0x9a403e0;
    %ix/load 0, 1;
    %assign/v0 v0x9a40068_0, 0, 1;
    %end;
    .thread T_6;
    .scope S_0x9a361b8;
T_7 ;
    %wait E_0x9a2aaf8;
    %vpi_func "$test$plusargs", 8, 32, "show_stim_expect_memory_init_state";
    %cmpi/u 8, 0, 32;
    %inv 4, 1;
    %jmp/0xz  T_7.0, 4;
    %vpi_call "$display", "Initial state of vector file %s ", P_0x9a35ff8;
    %set/v v0x9a41058_0, 0, 32;
T_7.2 ;
    %load/v 8, v0x9a41058_0, 32;
    %mov 40, 1, 2;
    %mov 42, 0, 2;
    %mov 44, 0, 28;
    %cmp/u 8, 40, 32;
    %jmp/0xz T_7.3, 5;
    %load/v 72, v0x9a41058_0, 32;
    %ix/get 3, 72, 32;
   %load/av 8, v0x9a403e0, 16;
    %vpi_call "$display", "mem[%d] = %x", v0x9a41058_0, T<8,16,u>;
    %load/v 8, v0x9a41058_0, 32;
    %addi 8, 1, 32;
    %set/v v0x9a41058_0, 8, 32;
    %jmp T_7.2;
T_7.3 ;
T_7.0 ;
    %end;
    .thread T_7;
    .scope S_0x9a25798;
T_8 ;
    %wait E_0x9a28008;
    %load/v 8, v0x9a60a18_0, 1;
    %inv 8, 1;
    %jmp/0xz  T_8.0, 8;
    %ix/load 0, 32;
    %assign/v0 v0x9a60498_0, 0, 0;
    %jmp T_8.1;
T_8.0 ;
    %load/v 8, v0x9a60498_0, 32;
    %addi 8, 1, 32;
    %ix/load 0, 32;
    %assign/v0 v0x9a60498_0, 0, 8;
T_8.1 ;
    %jmp T_8;
    .thread T_8;
    .scope S_0x9a25798;
T_9 ;
    %vpi_func "$fopen", 8, 32, "vectors.txt";
    %set/v v0x9a607c0_0, 8, 32;
; Reuse signal base=8 wid=32 from lookaside.
    %cmpi/u 8, 0, 32;
    %jmp/0xz  T_9.0, 4;
    %vpi_call "$display", "Error opening vectors.txt file";
    %vpi_call "$finish";
T_9.0 ;
    %vpi_call "$fwrite", v0x9a607c0_0, "Dut outputs vs expected vectors:\012";
    %vpi_call "$dumpfile", "wavesDefaultOutputFile_dump";
    %vpi_call "$dumpvars", 1'sb0, S_0x9a25798;
    %vpi_call "$dumpon";
    %set/v v0x9a604e8_0, 0, 1;
    %set/v v0x9a60750_0, 1, 1;
    %set/v v0x9a60a18_0, 1, 1;
    %set/v v0x9a4a080_0, 0, 2;
    %set/v v0x9a60530_0, 0, 2;
    %set/v v0x9a60658_0, 0, 2;
    %delay 10, 0;
    %set/v v0x9a60a18_0, 0, 1;
    %delay 20, 0;
    %set/v v0x9a60a18_0, 1, 1;
    %end;
    .thread T_9;
    .scope S_0x9a25798;
T_10 ;
    %delay 20, 0;
    %load/v 8, v0x9a604e8_0, 1;
    %inv 8, 1;
    %ix/load 0, 1;
    %assign/v0 v0x9a604e8_0, 0, 8;
    %jmp T_10;
    .thread T_10;
    .scope S_0x9a25798;
T_11 ;
    %wait E_0x9a28008;
    %load/v 8, v0x9a60a18_0, 1;
    %inv 8, 1;
    %jmp/0xz  T_11.0, 8;
    %set/v v0x9a60530_0, 0, 2;
    %jmp T_11.1;
T_11.0 ;
    %load/v 8, v0x9a600f0_0, 1;
    %jmp/0xz  T_11.2, 8;
    %load/v 8, v0x9a60658_0, 2;
    %addi 8, 1, 2;
    %set/v v0x9a60658_0, 8, 2;
    %load/v 8, v0x9a60530_0, 2;
    %addi 8, 1, 2;
    %set/v v0x9a60530_0, 8, 2;
    %vpi_call "$fwrite", v0x9a607c0_0, "mismatch detected: DUT output %s = %x     Expected output %s = %x \012", "c0_out_out1", v0x9a60018_0, "c0_out_out1_expected", v0x9a60060_0;
T_11.2 ;
    %load/v 8, v0x9a60210_0, 1;
    %jmp/0xz  T_11.4, 8;
    %load/v 8, v0x9a60658_0, 2;
    %addi 8, 1, 2;
    %set/v v0x9a60658_0, 8, 2;
    %load/v 8, v0x9a60530_0, 2;
    %addi 8, 1, 2;
    %set/v v0x9a60530_0, 8, 2;
    %vpi_call "$fwrite", v0x9a607c0_0, "mismatch detected: DUT output %s = %x     Expected output %s = %x \012", "c0_out_out2", v0x9a60138_0, "c0_out_out2_expected", v0x9a60180_0;
T_11.4 ;
    %load/v 8, v0x9a60330_0, 1;
    %jmp/0xz  T_11.6, 8;
    %load/v 8, v0x9a60658_0, 2;
    %addi 8, 1, 2;
    %set/v v0x9a60658_0, 8, 2;
    %load/v 8, v0x9a60530_0, 2;
    %addi 8, 1, 2;
    %set/v v0x9a60530_0, 8, 2;
    %vpi_call "$fwrite", v0x9a607c0_0, "mismatch detected: DUT output %s = %x     Expected output %s = %x \012", "c0_out_out3", v0x9a60258_0, "c0_out_out3_expected", v0x9a602a0_0;
T_11.6 ;
    %load/v 8, v0x9a603c0_0, 1;
    %jmp/0xz  T_11.8, 8;
    %load/v 8, v0x9a60658_0, 2;
    %addi 8, 1, 2;
    %set/v v0x9a60658_0, 8, 2;
    %load/v 8, v0x9a60530_0, 2;
    %addi 8, 1, 2;
    %set/v v0x9a60530_0, 8, 2;
    %vpi_call "$fwrite", v0x9a607c0_0, "mismatch detected: DUT output %s = %x     Expected output %s = %x \012", "c0_out_out4", v0x9a60378_0, "c0_out_out4_expected", v0x9a60408_0;
T_11.8 ;
    %load/v 8, v0x9a60530_0, 2;
    %mov 10, 0, 3;
    %mov 13, 0, 1;
    %mov 14, 1, 1;
    %mov 15, 0, 1;
    %mov 16, 1, 1;
    %mov 17, 0, 1;
    %cmp/u 13, 8, 5;
    %jmp/0xz  T_11.10, 5;
    %vpi_call "$display", "Maximum number or errors allowed for vector %s has been reached", "exp_dut_i";
T_11.10 ;
T_11.1 ;
    %jmp T_11;
    .thread T_11;
    .scope S_0x9a25798;
T_12 ;
    %wait E_0x9a28008;
    %load/v 8, v0x9a60a18_0, 1;
    %inv 8, 1;
    %jmp/0xz  T_12.0, 8;
    %set/v v0x9a4a080_0, 0, 2;
    %jmp T_12.1;
T_12.0 ;
    %load/v 8, v0x9a600a8_0, 1;
    %jmp/0xz  T_12.2, 8;
    %load/v 8, v0x9a60658_0, 2;
    %addi 8, 1, 2;
    %set/v v0x9a60658_0, 8, 2;
    %load/v 8, v0x9a4a080_0, 2;
    %addi 8, 1, 2;
    %set/v v0x9a4a080_0, 8, 2;
    %vpi_call "$fwrite", v0x9a607c0_0, "match detected: DUT output %s = %x     Expected output %s = %x \012", "c0_out_out1", v0x9a60018_0, "c0_out_out1_expected", v0x9a60060_0;
T_12.2 ;
    %load/v 8, v0x9a601c8_0, 1;
    %jmp/0xz  T_12.4, 8;
    %load/v 8, v0x9a60658_0, 2;
    %addi 8, 1, 2;
    %set/v v0x9a60658_0, 8, 2;
    %load/v 8, v0x9a4a080_0, 2;
    %addi 8, 1, 2;
    %set/v v0x9a4a080_0, 8, 2;
    %vpi_call "$fwrite", v0x9a607c0_0, "match detected: DUT output %s = %x     Expected output %s = %x \012", "c0_out_out2", v0x9a60138_0, "c0_out_out2_expected", v0x9a60180_0;
T_12.4 ;
    %load/v 8, v0x9a602e8_0, 1;
    %jmp/0xz  T_12.6, 8;
    %load/v 8, v0x9a60658_0, 2;
    %addi 8, 1, 2;
    %set/v v0x9a60658_0, 8, 2;
    %load/v 8, v0x9a4a080_0, 2;
    %addi 8, 1, 2;
    %set/v v0x9a4a080_0, 8, 2;
    %vpi_call "$fwrite", v0x9a607c0_0, "match detected: DUT output %s = %x     Expected output %s = %x \012", "c0_out_out3", v0x9a60258_0, "c0_out_out3_expected", v0x9a602a0_0;
T_12.6 ;
    %load/v 8, v0x9a60450_0, 1;
    %jmp/0xz  T_12.8, 8;
    %load/v 8, v0x9a60658_0, 2;
    %addi 8, 1, 2;
    %set/v v0x9a60658_0, 8, 2;
    %load/v 8, v0x9a4a080_0, 2;
    %addi 8, 1, 2;
    %set/v v0x9a4a080_0, 8, 2;
    %vpi_call "$fwrite", v0x9a607c0_0, "match detected: DUT output %s = %x     Expected output %s = %x \012", "c0_out_out4", v0x9a60378_0, "c0_out_out4_expected", v0x9a60408_0;
T_12.8 ;
T_12.1 ;
    %jmp T_12;
    .thread T_12;
